[0211/025610.975:ERROR:process_reader_win.cc(123)] NtOpenThread: {Access Denied} A process has requested access to an object, but has not been granted those access rights. (0xc0000022)
[0211/025610.999:ERROR:exception_snapshot_win.cc(98)] thread ID 33280 not found in process
[0211/025611.174:ERROR:process_reader_win.cc(123)] NtOpenThread: {Access Denied} A process has requested access to an object, but has not been granted those access rights. (0xc0000022)
[0211/025611.174:ERROR:exception_snapshot_win.cc(98)] thread ID 17556 not found in process
[0425/024753.827:ERROR:process_reader_win.cc(123)] NtOpenThread: {Access Denied} A process has requested access to an object, but has not been granted those access rights. (0xc0000022)
[0425/024753.844:ERROR:exception_snapshot_win.cc(98)] thread ID 26272 not found in process
[0425/024753.890:ERROR:process_info.cc(329)] VirtualQueryEx: Access is denied. (0x5)
[0425/024753.890:ERROR:process_info.cc(556)] ReadMemoryInfo failed
[0425/024753.890:ERROR:process_memory_win.cc(39)] Failed to initialize ProcessInfo.
[0425/024753.890:ERROR:scoped_process_suspend.cc(40)] NtResumeProcess: An attempt was made to access an exiting process. (0xc000010a)
[0426/004920.897:ERROR:process_reader_win.cc(151)] SuspendThread: Access is denied. (0x5)
[0426/004920.937:ERROR:process_reader_win.cc(151)] SuspendThread: Access is denied. (0x5)
[0426/004920.937:ERROR:process_reader_win.cc(151)] SuspendThread: Access is denied. (0x5)
[0426/004920.937:ERROR:process_reader_win.cc(123)] NtOpenThread: {Access Denied} A process has requested access to an object, but has not been granted those access rights. (0xc0000022)
[0426/004920.958:ERROR:exception_snapshot_win.cc(98)] thread ID 25660 not found in process
[0426/004920.999:ERROR:process_reader_win.cc(151)] SuspendThread: Access is denied. (0x5)
[0426/004920.999:ERROR:process_reader_win.cc(151)] SuspendThread: Access is denied. (0x5)
[0426/004920.999:ERROR:process_reader_win.cc(151)] SuspendThread: Access is denied. (0x5)
[0426/004920.999:ERROR:process_reader_win.cc(123)] NtOpenThread: {Access Denied} A process has requested access to an object, but has not been granted those access rights. (0xc0000022)
[0426/004920.999:ERROR:exception_snapshot_win.cc(98)] thread ID 12312 not found in process
